Root {
    children: [
        Rule {
            selector: ':xx',
            children: [
                Declaration {
                    key: '--good',
                    value: 'red',
                },
            ],
        },
    ],
}