Root {
    children: [
        Rule {
            selector: TokenNode {
                source: "input:after",
                loc: PositionLoc {
                    start: Position {
                        offset: 0,
                        line: 0,
                        column: 0,
                    },
                    end: Position {
                        offset: 11,
                        line: 0,
                        column: 11,
                    },
                },
                is_syntax: false,
            },
            children: [
                Declaration {
                    key: TokenNode {
                        source: "\n               color",
                        loc: PositionLoc {
                            start: Position {
                                offset: 12,
                                line: 0,
                                column: 12,
                            },
                            end: Position {
                                offset: 34,
                                line: 1,
                                column: 21,
                            },
                        },
                        is_syntax: false,
                    },
                    value: TokenNode {
                        source: "red",
                        loc: PositionLoc {
                            start: Position {
                                offset: 35,
                                line: 1,
                                column: 22,
                            },
                            end: Position {
                                offset: 38,
                                line: 1,
                                column: 25,
                            },
                        },
                        is_syntax: false,
                    },
                },
                Rule {
                    selector: TokenNode {
                        source: "\n                .wow::before",
                        loc: PositionLoc {
                            start: Position {
                                offset: 39,
                                line: 1,
                                column: 26,
                            },
                            end: Position {
                                offset: 69,
                                line: 2,
                                column: 29,
                            },
                        },
                        is_syntax: false,
                    },
                    children: [
                        Declaration {
                            key: TokenNode {
                                source: "\n                   color",
                                loc: PositionLoc {
                                    start: Position {
                                        offset: 70,
                                        line: 2,
                                        column: 30,
                                    },
                                    end: Position {
                                        offset: 96,
                                        line: 3,
                                        column: 25,
                                    },
                                },
                                is_syntax: false,
                            },
                            value: TokenNode {
                                source: "blue",
                                loc: PositionLoc {
                                    start: Position {
                                        offset: 97,
                                        line: 3,
                                        column: 26,
                                    },
                                    end: Position {
                                        offset: 101,
                                        line: 3,
                                        column: 30,
                                    },
                                },
                                is_syntax: false,
                            },
                        },
                    ],
                },
            ],
        },
    ],
}